[*] a) recompiled -O3 ...
    PROVED  (0.1s)  UNSAT: no input differs (paths 1x1)
[*] b) refactored/renamed ...
    PROVED  (0.1s)  UNSAT: no input differs (paths 1x1)
[*] c) flattened + opaque preds ...
    PROVED  (0.2s)  UNSAT: no input differs (paths 1x1)
[*] e) flatten + 1-layer MBA (8 rnds) ...
    TESTED  (20.7s)  Z3 timeout; fuzz 300000 samples
[*] f) STRIPPED -O3 (+4 decoys) ...
    PROVED  (0.1s)  found sub_401100 (1/9 candidates passed probe); UNSAT: no input differs (paths 1x1)
[*] g) STRIPPED flatten+opaque (+decoys) ...
    PROVED  (1.8s)  found sub_401161 (1/13 candidates passed probe); UNSAT: no input differs (paths 1x1)
[*] d) input-dependent loop added ...
    TESTED  (6.4s)  symbolic gave up (>512 paths (path explosion)); fuzz 300000 samples
[*] N1) lookalike (1 const changed) ...
    NOT_EQUIVALENT  (0.5s)  Z3 cex a=0x1e4b6421 b=0x590ef411: ref=0xbef18f29 cand=0xe9ce23e3 (confirmed natively)
[*] N2) unrelated (FNV-style) ...
    NOT_EQUIVALENT  (0.3s)  Z3 cex a=0x38a06a73 b=0x4d0c4179: ref=0xe2baf5db cand=0xe87a8861 (confirmed natively)
[*] N3) STRIPPED lookalike ...
    NOT_FOUND  (0.3s)  11 functions recovered, 0 consistent with reference on 6 probes

======================================================================================================================
variant                               syntactic  Lineage verdict    time   detail
----------------------------------------------------------------------------------------------------------------------
a) recompiled -O3                         11.0%           PROVED    0.1s   UNSAT: no input differs (paths 1x1)
b) refactored/renamed                     78.9%           PROVED    0.1s   UNSAT: no input differs (paths 1x1)
c) flattened + opaque preds               24.2%           PROVED    0.2s   UNSAT: no input differs (paths 1x1)
e) flatten + 1-layer MBA (8 rnds)         21.0%           TESTED   20.7s   Z3 timeout; fuzz 300000 samples
f) STRIPPED -O3 (+4 decoys)               54.2%           PROVED    0.1s   found sub_401100 (1/9 candidates passed probe); UNSAT: no in
g) STRIPPED flatten+opaque (+decoys)      50.0%           PROVED    1.8s   found sub_401161 (1/13 candidates passed probe); UNSAT: no i
d) input-dependent loop added             65.8%           TESTED    6.4s   symbolic gave up (>512 paths (path explosion)); fuzz 300000 
N1) lookalike (1 const changed)          100.0%   NOT_EQUIVALENT    0.5s   Z3 cex a=0x1e4b6421 b=0x590ef411: ref=0xbef18f29 cand=0xe9ce
N2) unrelated (FNV-style)                 43.7%   NOT_EQUIVALENT    0.3s   Z3 cex a=0x38a06a73 b=0x4d0c4179: ref=0xe2baf5db cand=0xe87a
N3) STRIPPED lookalike                   100.0%        NOT_FOUND    0.3s   11 functions recovered, 0 consistent with reference on 6 pro
